// Jest Snapshot v1, https://goo.gl/fbAQLP

exports[`Testing CardWithStats Variant should render correct tags 1`] = `[Function]`;
